Loading module Cryptol
Loading module Cryptol
Loading module Main
[warning] at insert.cry:3:1--3:7:
  Could not prove that the constraint guards used in defining Main::insert were exhaustive.
Using exhaustive testing.
Testing... Passed 1 tests.
Q.E.D.
