Loading module Cryptol
Loading module Cryptol
Loading interface module `parameter` interface of T1
Loading module T1

Expression depends on definitions from a parameterized module:
  T1::y
