Loading module Cryptol
Loading module Cryptol
Loading module T023
0x03
