Loading module Cryptol
Loading module Cryptol
Loading interface module `parameter` interface of T036_A
Loading module T036_A
Loading module T036_B
Loading module T036
Showing a specific instance of polymorphic result:
  * Using '0' for type argument 'n' of 'T036_B::T'
{x = 0x0}
