Loading module Cryptol
Loading module Cryptol
Loading module T12
42
True
