Loading module Cryptol
Loading module Cryptol
Loading module T4
Loading module T5
0x02
Modules
=======
    
  submodule A
   
Symbols
=======
    
  x : [8]
  z : [8]
   
Symbols
=======
    
  a : [8]
   
