Loading module Cryptol
Loading module Cryptol
Loading module T11::A
Loading module T11::Main
