Loading module Cryptol
Loading module Cryptol
Loading module T17::A
Loading module T17::A1
Loading module T17::B
