Loading module Cryptol
Loading module Cryptol
Loading module T3::A

[error] Import of a non-instantiated parameterized module: T3::A
