Loading module Cryptol
Loading module Cryptol
Loading module Main
[warning] at ./check01.cry:2:5--2:27:
  Defaulting type argument 'ix' of '(@@)' to 5
[0x00000007, 0x00000014]
True
