Loading module Cryptol
Loading module Cryptol
Loading module Main
[warning] at :1:1--4:17:
  Defaulting 1st type parameter
             of expression width
             at ./check16-tab.cry:1:11--1:16
  to max 4 (width 8)
True
