Loading module Cryptol
Loading module Cryptol
Loading module Main
[0, 1, 3, 6, 10, 15, 21, 28, 36, 45]
True
