Loading module Cryptol
Loading module Cryptol
Loading module Main
0
0
True
True
True
