                        _        _
   ___ _ __ _   _ _ __ | |_ ___ | |
  / __| '__| | | | '_ \| __/ _ \| |
 | (__| |  | |_| | |_) | || (_) | |
  \___|_|   \__, | .__/ \__\___/|_|
            |___/|_| version 2.1.0 (6b12984)

Loading module Cryptol
Cryptol> Loading module Cryptol
Loading module Main
Main> 
