Loading module Cryptol
(ratio 3 2)
(ratio 9 8)
(ratio 11 10)
(ratio 17 16)
(ratio 12 1)
(ratio 9 1)
(ratio 1100 1)
(ratio 17 2)
(ratio 3 16)
(ratio 9 64)
(ratio 11 10000)
(ratio 17 128)
