Loading module Cryptol
-68
132

[error] at repl-decls.icry:6:4--6:7 and repl-decls.icry:6:11--6:14
    The fixities of
      • (->-) (precedence 5, right-associative)
      • (-<-) (precedence 5, left-associative)
    are not compatible.
    You may use explicit parentheses to disambiguate.
even : {a} (Eq a, Ring a, Literal 1 a) => a -> Bit
odd : {a} (Eq a, Ring a, Literal 1 a) => a -> Bit
False
True
True
False
even' : Integer -> Bool
odd' : Integer -> Bit
False
True
True
False
[1, 2, 3, 4, 5, 6, 7, 8, 9, 10, 11, 12, 13, 14, 15, 16, 17, 18, 19,
 20, 21, 22, 23, 24, 25, 26, 27, 28, 29, 30, 31, 32, 33, 34, 35, 36,
 37, 38, 39, 40, 41, 42]
f : {a} (Ring a, Logic a, Integral a) => a -> Integer
26
