Loading module Cryptol

Parse error at issue818.icry:1:5--1:10
  malformed literal: 0b012

Parse error at issue818.icry:2:5--2:7
  malformed literal: 2z

Parse error at issue818.icry:3:5--3:7
  malformed literal: 2z
