Loading module Cryptol
Using exhaustive testing.
testing...passed 64 tests.
Q.E.D.
Using exhaustive testing.
testing...passed 64 tests.
Q.E.D.
Using exhaustive testing.
testing...passed 256 tests.
Q.E.D.
Using exhaustive testing.
testing...passed 256 tests.
Q.E.D.
Using exhaustive testing.
testing...passed 256 tests.
Q.E.D.
Using exhaustive testing.
testing...passed 256 tests.
Q.E.D.
