Loading module Cryptol

Parse error at issue565/I.cry:3:8--3:9
  Backtick module imports are no longer supported.
