Loading module Cryptol
Loading module Cryptol
Loading module Float

[error] at issue835.icry:2:4--2:31:
  â€¢ Type `Float 5 11` does not support signed comparisons.
      arising from
      use of expression (<$)
      at issue835.icry:2:4--2:31
