Loading module Cryptol
it : {result : Bit, arg1 : [4]}
it : [11]{result : Bit, arg1 : [4]}
must be an integer > 0 or "all"
must be an integer > 0 or "all"
it : [3]{result : Bit, arg1 : [4]}
