Loading module Cryptol
it : {avgTime : Float 11 53, avgCpuTime : Float 11 53, avgCycles : Integer}
