Loading module Cryptol

Run-time error: undefined
Using exhaustive testing.
  0%
invalid sequence index: 1
