Loading module Cryptol
(&&) : {a} (Logic a) => a -> a -> a
