Loading module Cryptol
Loading module Cryptol
Loading module Main
Using exhaustive testing.
  0% 12% 25% 37% 50% 62% 75% 87%passed 8 tests.
Q.E.D.
Q.E.D.
