Loading module Cryptol
0xf432e198
[0xdbf8eedb6bd59796, 0x9749e08c37d123ee, 0x3b79a2a98701e9ae,
 0x1a34d8f4efee5604, 0xfb0983cd5d80e611, ...]
[[0xaa, 0x2c, 0x08, 0xd7, 0x7a, 0xc3, 0xa9, 0xc8, 0xa7, 0xfe, 0x71,
  0x3f, 0x76, 0x8e, 0x47, 0x73, 0x82, 0x53, 0x33, 0x32, 0xaf, 0x66,
  0x19, 0xe9, 0x50, 0xe4, 0x56, 0x37, 0x34, 0x91, 0x14, 0x08],
 [0x5a, 0x83, 0xba, 0x1a, 0x48, 0xeb, 0xd7, 0x2c, 0xeb, 0x8c, 0xae,
  0x54, 0x97, 0xa9, 0x11, 0x84, 0x2b, 0x07, 0x4e, 0x80, 0xe5, 0x1f,
  0x42, 0x62, 0x6b, 0x82, 0x98, 0xed, 0x11, 0x3e, 0x44, 0xf6],
 [0xd4, 0x7b, 0x0b, 0x91, 0x19, 0x21, 0x6d, 0xde, 0x04, 0x62, 0x1a,
  0x64, 0x62, 0xac, 0x36, 0xd4, 0x44, 0x5e, 0xa4, 0xf4, 0x20, 0x9a,
  0x96, 0x52, 0x13, 0x24, 0x70, 0x83, 0x86, 0xac, 0xbb, 0xe6],
 [0x0a, 0x99, 0x74, 0x3e, 0xa1, 0x8e, 0xe2, 0xba, 0x81, 0xa0, 0xbd,
  0x6a, 0xe9, 0x9a, 0xbc, 0xc4, 0x5d, 0x13, 0xe2, 0x0b, 0xc0, 0xf4,
  0x35, 0x34, 0xc4, 0x26, 0xce, 0x01, 0xf9, 0x5e, 0xe9, 0x1b],
 [0x5c, 0xa9, 0xb1, 0xd4, 0xa3, 0xab, 0x9f, 0x2e, 0x50, 0x1d, 0xe0,
  0xf2, 0x4d, 0xd6, 0x1c, 0xb7, 0x0d, 0xd6, 0x86, 0x14, 0x7b, 0xd2,
  0x44, 0x83, 0x91, 0x75, 0x22, 0xec, 0x32, 0x68, 0x16, 0x94],
 [0x99, 0x36, 0xff, 0xc2, 0x00, 0x61, 0xe2, 0x84, 0xd2, 0xe6, 0xf7,
  0x94, 0xf3, 0x96, 0xe8, 0x1f, 0xd4, 0x70, 0xf9, 0x03, 0x04, 0x6b,
  0x51, 0xcf, 0x8c, 0x8b, 0xbd, 0x29, 0x7a, 0x81, 0x1d, 0x6b],
 [0xc3, 0xea, 0x2a, 0x4a, 0xf5, 0x90, 0x98, 0xa0, 0x40, 0x4e, 0xea,
  0xbb, 0x58, 0x20, 0x9f, 0x91, 0x3d, 0x6d, 0x70, 0xcf, 0x43, 0xf4,
  0xa3, 0x12, 0x99, 0x8e, 0x6c, 0xcd, 0x56, 0xa0, 0xe9, 0x1e],
 [0x80, 0xb3, 0xa4, 0xca, 0x62, 0x8a, 0xcd, 0x34, 0x73, 0xa9, 0x0c,
  0x62, 0xed, 0x8f, 0x99, 0x72, 0x9a, 0x40, 0xfb, 0x95, 0xd5, 0x85,
  0xe0, 0xf9, 0x8e, 0x50, 0x8c, 0x96, 0x2b, 0xc7, 0x7c, 0x5a],
 [0xca, 0x1d, 0xcf, 0xcd, 0x44, 0xd8, 0xc7, 0x95, 0xe4, 0xb7, 0x27,
  0xa9, 0xd7, 0x6a, 0xc3, 0x16, 0x29, 0xf9, 0x81, 0x71, 0x3c, 0xc1,
  0x57, 0xc8, 0xda, 0x51, 0xe6, 0x12, 0x66, 0xd2, 0x97, 0x8e],
 [0xba, 0xfb, 0x31, 0x91, 0xcb, 0x57, 0xd1, 0xb5, 0x35, 0x5c, 0xd1,
  0x45, 0x6b, 0x88, 0x39, 0x28, 0x13, 0xb5, 0x6d, 0xe1, 0x75, 0xf9,
  0xc4, 0xb3, 0x98, 0xea, 0x24, 0xd1, 0x5d, 0xa7, 0x22, 0x37],
 [0x3b, 0xa3, 0xdd, 0xda, 0x73, 0xcf, 0x8f, 0x0d, 0xea, 0x2f, 0x79,
  0xb7, 0x07, 0xc9, 0x71, 0x82, 0x00, 0x9a, 0xa5, 0x4d, 0xd4, 0x64,
  0xe3, 0xbd, 0x22, 0x29, 0xe1, 0x30, 0xd1, 0x9a, 0x96, 0x49],
 [0xd8, 0xac, 0x92, 0x67, 0xa9, 0x82, 0xfd, 0x36, 0x50, 0x3d, 0x60,
  0x1d, 0x19, 0xeb, 0x4e, 0x42, 0x71, 0x3a, 0xb4, 0xc7, 0x40, 0x6a,
  0x0c, 0xbb, 0xad, 0xb3, 0x4c, 0x47, 0xee, 0x6c, 0x36, 0x1d],
 [0xd0, 0x2b, 0xaa, 0x04, 0xca, 0x5b, 0xa4, 0x3b, 0xbc, 0x17, 0x56,
  0x1b, 0x81, 0x8f, 0xce, 0xfe, 0x74, 0xae, 0xee, 0xd0, 0x07, 0xeb,
  0xf9, 0x08, 0x6b, 0xf8, 0xba, 0x4c, 0xad, 0x04, 0x01, 0xc0],
 [0x4d, 0x04, 0x7b, 0x0a, 0xcc, 0xa3, 0x7f, 0x5d, 0xa0, 0x87, 0x30,
  0x67, 0x0b, 0xa9, 0x0c, 0xe6, 0x32, 0x45, 0xb8, 0x52, 0x02, 0x6d,
  0xfa, 0xdf, 0xad, 0x18, 0xd6, 0xc5, 0xe6, 0x7b, 0xb9, 0xd4],
 [0x0c, 0xaa, 0xfa, 0xcf, 0x98, 0xc7, 0x90, 0x3a, 0x11, 0x1e, 0x5c,
  0x8b, 0x72, 0x81, 0x82, 0x9e, 0x59, 0x91, 0x76, 0x96, 0x41, 0x09,
  0x55, 0x27, 0x9f, 0xae, 0xbd, 0x86, 0x7c, 0xc9, 0x84, 0xc7],
 [0xa5, 0x6a, 0xe2, 0xf5, 0x4f, 0x5d, 0x07, 0x00, 0x8d, 0x14, 0x7c,
  0xe6, 0xd8, 0x1a, 0x1a, 0x1e, 0x85, 0x07, 0x86, 0x23, 0x64, 0x20,
  0x89, 0xd7, 0x2e, 0x80, 0x71, 0xcf, 0x2a, 0x3c, 0x5d, 0x22]]
(0xf432e198, 0x2add)
{x = 0xa155580c, y = 0x8353}
0x00000000
0x7ea4fc59
