Loading module Cryptol
Showing a specific instance of polymorphic result:
  * Using '[6]' for type argument 'rep' of 'Cryptol::demote'
0x31
