Loading module Cryptol
Loading module Cryptol
Loading module Main
Using exhaustive testing.
  0%passed 1 tests.
Q.E.D.
Q.E.D.
