Loading module Cryptol
Loading module Cryptol
Loading module Main
2
11
2
11
