Loading module Cryptol
[warning] at <interactive>:1:5--1:18:
  Defaulting the type of '<interactive>::y' to Integer
0
1
