Loading module Cryptol
Loading module Cryptol
Loading module Main

[error] at ./T146.cry:1:18--6:10:
  The type ?r33 is not sufficiently polymorphic.
    It cannot depend on quantified variables: a`862
  where
  ?r33 is type of field 'v1'
          at ./T146.cry:3:9--6:10
[error] at ./T146.cry:5:19--5:24:
  The type ?s33 is not sufficiently polymorphic.
    It cannot depend on quantified variables: a`862
  where
  ?s33 is type of field 'v2'
          at ./T146.cry:3:9--6:10
